../Core/Src/main.c:1159:13:game_spawn_enemy	5
../Core/Src/main.c:685:6:SystemClock_Config	4
../Core/Src/main.c:1369:6:Charlieplex_Reset_All	2
../Core/Src/main.c:1381:6:Charlieplex_Light_LED	4
../Core/Src/main.c:1402:6:Digital_show	6
../Core/Src/main.c:1479:6:Digital_OnOff_show	5
../Core/Src/main.c:1547:6:Init_BH1750FVI	1
../Core/Src/main.c:1562:10:BH1750_ReadLightLevel	3
../Core/Src/main.c:1125:13:game_draw	4
../Core/Src/main.c:1579:6:BMA400_App_Init	1
../Core/Src/main.c:1595:6:delay_us	2
../Core/Src/main.c:1599:6:beep	3
../Core/Src/main.c:148:5:main	112
../Core/Src/main.c:1211:6:HAL_GPIO_EXTI_Callback	31
../Core/Src/main.c:1615:6:Error_Handler	1
