../Core/Src/main.c:382:6:SystemClock_Config	4
../Core/Src/main.c:863:6:HAL_RTCEx_WakeUpTimerEventCallback	4
../Core/Src/main.c:893:6:Charlieplex_Reset_All	2
../Core/Src/main.c:905:6:Charlieplex_Light_LED	4
../Core/Src/main.c:926:6:Digital_show	5
../Core/Src/main.c:1005:6:Init_BH1750FVI	1
../Core/Src/main.c:1020:10:BH1750_ReadLightLevel	3
../Core/Src/main.c:1036:6:delay_us	2
../Core/Src/main.c:1040:6:beep	2
../Core/Src/main.c:115:5:main	42
../Core/Src/main.c:771:6:HAL_GPIO_EXTI_Callback	18
../Core/Src/main.c:1054:6:Error_Handler	1
