../Core/Src/main.c:92:5:main	48	static
../Core/Src/main.c:248:6:SystemClock_Config	112	static
../Core/Src/main.c:305:13:MX_ADC_Init	16	static
../Core/Src/main.c:361:13:MX_RTC_Init	8	static
../Core/Src/main.c:398:13:MX_SPI1_Init	8	static
../Core/Src/main.c:436:13:MX_TIM2_Init	48	static
../Core/Src/main.c:492:13:MX_DMA_Init	16	static
../Core/Src/main.c:510:13:MX_GPIO_Init	48	static
../Core/Src/main.c:548:6:HAL_GPIO_EXTI_Callback	24	static
../Core/Src/main.c:601:6:HAL_RTCEx_WakeUpTimerEventCallback	16	static
../Core/Src/main.c:643:6:Error_Handler	8	static,ignoring_inline_asm
