../Core/Src/main.c:90:5:main	48	static
../Core/Src/main.c:332:6:SystemClock_Config	112	static
../Core/Src/main.c:389:13:MX_ADC_Init	16	static
../Core/Src/main.c:445:13:MX_RTC_Init	8	static
../Core/Src/main.c:483:13:MX_SPI1_Init	8	static
../Core/Src/main.c:521:13:MX_TIM2_Init	48	static
../Core/Src/main.c:578:13:MX_DMA_Init	16	static
../Core/Src/main.c:596:13:MX_GPIO_Init	48	static
../Core/Src/main.c:634:6:EnterStopMode	48	static
../Core/Src/main.c:679:6:HAL_GPIO_EXTI_Callback	16	static
../Core/Src/main.c:729:6:HAL_RTCEx_WakeUpTimerEventCallback	16	static
../Core/Src/main.c:755:6:Error_Handler	8	static,ignoring_inline_asm
