../Core/Src/stm32l0xx_hal_msp.c:66:6:HAL_MspInit	8	static
../Core/Src/stm32l0xx_hal_msp.c:89:6:HAL_ADC_MspInit	48	static
../Core/Src/stm32l0xx_hal_msp.c:122:6:HAL_ADC_MspDeInit	16	static
../Core/Src/stm32l0xx_hal_msp.c:150:6:HAL_SPI_MspInit	48	static
../Core/Src/stm32l0xx_hal_msp.c:188:6:HAL_SPI_MspDeInit	16	static
../Core/Src/stm32l0xx_hal_msp.c:219:6:HAL_TIM_Base_MspInit	16	static
../Core/Src/stm32l0xx_hal_msp.c:254:6:HAL_TIM_MspPostInit	48	static
../Core/Src/stm32l0xx_hal_msp.c:286:6:HAL_TIM_Base_MspDeInit	16	static
