../Core/Src/main.c:600:6:SystemClock_Config	4
../Core/Src/main.c:1146:6:Charlieplex_Reset_All	2
../Core/Src/main.c:1158:6:Charlieplex_Light_LED	4
../Core/Src/main.c:1179:6:Digital_show	6
../Core/Src/main.c:1256:6:Digital_OnOff_show	5
../Core/Src/main.c:1324:6:Init_BH1750FVI	1
../Core/Src/main.c:1339:10:BH1750_ReadLightLevel	3
../Core/Src/main.c:1356:6:BMA400_App_Init	1
../Core/Src/main.c:1372:6:delay_us	2
../Core/Src/main.c:1376:6:beep	3
../Core/Src/main.c:125:5:main	88
../Core/Src/main.c:1010:6:HAL_GPIO_EXTI_Callback	17
../Core/Src/main.c:1392:6:Error_Handler	1
